This is pdfTeX, Version 3.141592653-2.6-1.40.27 (MiKTeX 25.4) (preloaded format=pdflatex 2025.10.16)  29 APR 2026 12:26
entering extended mode
 restricted \write18 enabled.
 file:line:error style messages enabled.
 %&-line parsing enabled.
**"c:/Users/vadan/OneDrive/Innovation Projects/Masters Project - Neutron Tritium Breeding Modelling/Thesis 2/thesis2.tex"
(c:/Users/vadan/OneDrive/Innovation Projects/Masters Project - Neutron Tritium Breeding Modelling/Thesis 2/thesis2.tex
LaTeX2e <2025-06-01> patch level 1
L3 programming layer <2025-09-02>
(C:\Users\vadan\AppData\Local\Programs\MiKTeX\tex/latex/base\article.cls
Document Class: article 2025/01/22 v1.4n Standard LaTeX document class
(C:\Users\vadan\AppData\Local\Programs\MiKTeX\tex/latex/base\size11.clo
File: size11.clo 2025/01/22 v1.4n Standard LaTeX file (size option)
)
\c@part=\count275
\c@section=\count276
\c@subsection=\count277
\c@subsubsection=\count278
\c@paragraph=\count279
\c@subparagraph=\count280
\c@figure=\count281
\c@table=\count282
\abovecaptionskip=\skip49
\belowcaptionskip=\skip50
\bibindent=\dimen148
) (C:\Users\vadan\AppData\Local\Programs\MiKTeX\tex/latex/amsmath\amsmath.sty
Package: amsmath 2025/06/16 v2.17y AMS math features
\@mathmargin=\skip51

For additional information on amsmath, use the `?' option.
(C:\Users\vadan\AppData\Local\Programs\MiKTeX\tex/latex/amsmath\amstext.sty
Package: amstext 2024/11/17 v2.01 AMS text
 (C:\Users\vadan\AppData\Local\Programs\MiKTeX\tex/latex/amsmath\amsgen.sty
File: amsgen.sty 1999/11/30 v2.0 generic functions
\@emptytoks=\toks17
\ex@=\dimen149
)) (C:\Users\vadan\AppData\Local\Programs\MiKTeX\tex/latex/amsmath\amsbsy.sty
Package: amsbsy 1999/11/29 v1.2d Bold Symbols
\pmbraise@=\dimen150
) (C:\Users\vadan\AppData\Local\Programs\MiKTeX\tex/latex/amsmath\amsopn.sty
Package: amsopn 2022/04/08 v2.04 operator names
)
\inf@bad=\count283
LaTeX Info: Redefining \frac on input line 233.
\uproot@=\count284
\leftroot@=\count285
LaTeX Info: Redefining \overline on input line 398.
LaTeX Info: Redefining \colon on input line 409.
\classnum@=\count286
\DOTSCASE@=\count287
LaTeX Info: Redefining \ldots on input line 495.
LaTeX Info: Redefining \dots on input line 498.
LaTeX Info: Redefining \cdots on input line 619.
\Mathstrutbox@=\box53
\strutbox@=\box54
LaTeX Info: Redefining \big on input line 721.
LaTeX Info: Redefining \Big on input line 722.
LaTeX Info: Redefining \bigg on input line 723.
LaTeX Info: Redefining \Bigg on input line 724.
\big@size=\dimen151
LaTeX Font Info:    Redeclaring font encoding OML on input line 742.
LaTeX Font Info:    Redeclaring font encoding OMS on input line 743.
\macc@depth=\count288
LaTeX Info: Redefining \bmod on input line 904.
LaTeX Info: Redefining \pmod on input line 909.
LaTeX Info: Redefining \smash on input line 939.
LaTeX Info: Redefining \relbar on input line 969.
LaTeX Info: Redefining \Relbar on input line 970.
\c@MaxMatrixCols=\count289
\dotsspace@=\muskip17
\c@parentequation=\count290
\dspbrk@lvl=\count291
\tag@help=\toks18
\row@=\count292
\column@=\count293
\maxfields@=\count294
\andhelp@=\toks19
\eqnshift@=\dimen152
\alignsep@=\dimen153
\tagshift@=\dimen154
\tagwidth@=\dimen155
\totwidth@=\dimen156
\lineht@=\dimen157
\@envbody=\toks20
\multlinegap=\skip52
\multlinetaggap=\skip53
\mathdisplay@stack=\toks21
LaTeX Info: Redefining \[ on input line 2949.
LaTeX Info: Redefining \] on input line 2950.
) (C:\Users\vadan\AppData\Local\Programs\MiKTeX\tex/latex/amsfonts\amssymb.sty
Package: amssymb 2013/01/14 v3.01 AMS font symbols
 (C:\Users\vadan\AppData\Local\Programs\MiKTeX\tex/latex/amsfonts\amsfonts.sty
Package: amsfonts 2013/01/14 v3.01 Basic AMSFonts support
\symAMSa=\mathgroup4
\symAMSb=\mathgroup5
LaTeX Font Info:    Redeclaring math symbol \hbar on input line 98.
LaTeX Font Info:    Overwriting math alphabet `\mathfrak' in version `bold'
(Font)                  U/euf/m/n --> U/euf/b/n on input line 106.
)) (C:\Users\vadan\AppData\Local\Programs\MiKTeX\tex/latex/hyperref\hyperref.sty
Package: hyperref 2025-07-12 v7.01o Hypertext links for LaTeX
 (C:\Users\vadan\AppData\Local\Programs\MiKTeX\tex/generic/iftex\iftex.sty
Package: iftex 2024/12/12 v1.0g TeX engine tests
) (C:\Users\vadan\AppData\Local\Programs\MiKTeX\tex/latex/graphics\keyval.sty
Package: keyval 2022/05/29 v1.15 key=value parser (DPC)
\KV@toks@=\toks22
) (C:\Users\vadan\AppData\Local\Programs\MiKTeX\tex/latex/kvsetkeys\kvsetkeys.sty
Package: kvsetkeys 2022-10-05 v1.19 Key value parser (HO)
) (C:\Users\vadan\AppData\Local\Programs\MiKTeX\tex/generic/kvdefinekeys\kvdefinekeys.sty
Package: kvdefinekeys 2019-12-19 v1.6 Define keys (HO)
) (C:\Users\vadan\AppData\Local\Programs\MiKTeX\tex/generic/pdfescape\pdfescape.sty
Package: pdfescape 2019/12/09 v1.15 Implements pdfTeX's escape features (HO)
 (C:\Users\vadan\AppData\Local\Programs\MiKTeX\tex/generic/ltxcmds\ltxcmds.sty
Package: ltxcmds 2023-12-04 v1.26 LaTeX kernel commands for general use (HO)
) (C:\Users\vadan\AppData\Local\Programs\MiKTeX\tex/generic/pdftexcmds\pdftexcmds.sty
Package: pdftexcmds 2020-06-27 v0.33 Utility functions of pdfTeX for LuaTeX (HO)
 (C:\Users\vadan\AppData\Local\Programs\MiKTeX\tex/generic/infwarerr\infwarerr.sty
Package: infwarerr 2019/12/03 v1.5 Providing info/warning/error messages (HO)
)
Package pdftexcmds Info: \pdf@primitive is available.
Package pdftexcmds Info: \pdf@ifprimitive is available.
Package pdftexcmds Info: \pdfdraftmode found.
)) (C:\Users\vadan\AppData\Local\Programs\MiKTeX\tex/latex/hycolor\hycolor.sty
Package: hycolor 2020-01-27 v1.10 Color options for hyperref/bookmark (HO)
) (C:\Users\vadan\AppData\Local\Programs\MiKTeX\tex/latex/hyperref\nameref.sty
Package: nameref 2025-06-21 v2.57 Cross-referencing by name of section
 (C:\Users\vadan\AppData\Local\Programs\MiKTeX\tex/latex/refcount\refcount.sty
Package: refcount 2019/12/15 v3.6 Data extraction from label references (HO)
) (C:\Users\vadan\AppData\Local\Programs\MiKTeX\tex/generic/gettitlestring\gettitlestring.sty
Package: gettitlestring 2019/12/15 v1.6 Cleanup title references (HO)
 (C:\Users\vadan\AppData\Local\Programs\MiKTeX\tex/latex/kvoptions\kvoptions.sty
Package: kvoptions 2022-06-15 v3.15 Key value format for package options (HO)
))
\c@section@level=\count295
) (C:\Users\vadan\AppData\Local\Programs\MiKTeX\tex/latex/etoolbox\etoolbox.sty
Package: etoolbox 2025/10/02 v2.5m e-TeX tools for LaTeX (JAW)
\etb@tempcnta=\count296
) (C:\Users\vadan\AppData\Local\Programs\MiKTeX\tex/generic/stringenc\stringenc.sty
Package: stringenc 2019/11/29 v1.12 Convert strings between diff. encodings (HO)
)
\@linkdim=\dimen158
\Hy@linkcounter=\count297
\Hy@pagecounter=\count298
 (C:\Users\vadan\AppData\Local\Programs\MiKTeX\tex/latex/hyperref\pd1enc.def
File: pd1enc.def 2025-07-12 v7.01o Hyperref: PDFDocEncoding definition (HO)
Now handling font encoding PD1 ...
... no UTF-8 mapping file for font encoding PD1
) (C:\Users\vadan\AppData\Local\Programs\MiKTeX\tex/generic/intcalc\intcalc.sty
Package: intcalc 2019/12/15 v1.3 Expandable calculations with integers (HO)
)
\Hy@SavedSpaceFactor=\count299
 (C:\Users\vadan\AppData\Local\Programs\MiKTeX\tex/latex/hyperref\puenc.def
File: puenc.def 2025-07-12 v7.01o Hyperref: PDF Unicode definition (HO)
Now handling font encoding PU ...
... no UTF-8 mapping file for font encoding PU
)
Package hyperref Info: Hyper figures OFF on input line 4195.
Package hyperref Info: Link nesting OFF on input line 4200.
Package hyperref Info: Hyper index ON on input line 4203.
Package hyperref Info: Plain pages OFF on input line 4210.
Package hyperref Info: Backreferencing OFF on input line 4215.
Package hyperref Info: Implicit mode ON; LaTeX internals redefined.
Package hyperref Info: Bookmarks ON on input line 4462.
\c@Hy@tempcnt=\count300
 (C:\Users\vadan\AppData\Local\Programs\MiKTeX\tex/latex/url\url.sty
\Urlmuskip=\muskip18
Package: url 2013/09/16  ver 3.4  Verb mode for urls, etc.
)
LaTeX Info: Redefining \url on input line 4801.
\XeTeXLinkMargin=\dimen159
 (C:\Users\vadan\AppData\Local\Programs\MiKTeX\tex/generic/bitset\bitset.sty
Package: bitset 2019/12/09 v1.3 Handle bit-vector datatype (HO)
 (C:\Users\vadan\AppData\Local\Programs\MiKTeX\tex/generic/bigintcalc\bigintcalc.sty
Package: bigintcalc 2019/12/15 v1.5 Expandable calculations on big integers (HO)
))
\Fld@menulength=\count301
\Field@Width=\dimen160
\Fld@charsize=\dimen161
Package hyperref Info: Hyper figures OFF on input line 6078.
Package hyperref Info: Link nesting OFF on input line 6083.
Package hyperref Info: Hyper index ON on input line 6086.
Package hyperref Info: backreferencing OFF on input line 6093.
Package hyperref Info: Link coloring OFF on input line 6098.
Package hyperref Info: Link coloring with OCG OFF on input line 6103.
Package hyperref Info: PDF/A mode OFF on input line 6108.
\Hy@abspage=\count302
\c@Item=\count303
\c@Hfootnote=\count304
)
Package hyperref Info: Driver (autodetected): hpdftex.
 (C:\Users\vadan\AppData\Local\Programs\MiKTeX\tex/latex/hyperref\hpdftex.def
File: hpdftex.def 2025-07-12 v7.01o Hyperref driver for pdfTeX
\Fld@listcount=\count305
\c@bookmark@seq@number=\count306
 (C:\Users\vadan\AppData\Local\Programs\MiKTeX\tex/latex/rerunfilecheck\rerunfilecheck.sty
Package: rerunfilecheck 2025-06-21 v1.11 Rerun checks for auxiliary files (HO)
 (C:\Users\vadan\AppData\Local\Programs\MiKTeX\tex/generic/uniquecounter\uniquecounter.sty
Package: uniquecounter 2019/12/15 v1.4 Provide unlimited unique counter (HO)
)
Package uniquecounter Info: New unique counter `rerunfilecheck' on input line 284.
)
\Hy@SectionHShift=\skip54
) (C:\Users\vadan\AppData\Local\Programs\MiKTeX\tex/latex/graphics\graphicx.sty
Package: graphicx 2024/12/31 v1.2e Enhanced LaTeX Graphics (DPC,SPQR)
 (C:\Users\vadan\AppData\Local\Programs\MiKTeX\tex/latex/graphics\graphics.sty
Package: graphics 2024/08/06 v1.4g Standard LaTeX Graphics (DPC,SPQR)
 (C:\Users\vadan\AppData\Local\Programs\MiKTeX\tex/latex/graphics\trig.sty
Package: trig 2023/12/02 v1.11 sin cos tan (DPC)
) (C:\Users\vadan\AppData\Local\Programs\MiKTeX\tex/latex/graphics-cfg\graphics.cfg
File: graphics.cfg 2016/06/04 v1.11 sample graphics configuration
)
Package graphics Info: Driver file: pdftex.def on input line 106.
 (C:\Users\vadan\AppData\Local\Programs\MiKTeX\tex/latex/graphics-def\pdftex.def
File: pdftex.def 2025/09/29 v1.2d Graphics/color driver for pdftex
))
\Gin@req@height=\dimen162
\Gin@req@width=\dimen163
) (C:\Users\vadan\AppData\Local\Programs\MiKTeX\tex/latex/tools\dcolumn.sty
Package: dcolumn 2023/07/08 v1.06 decimal alignment package (DPC)
 (C:\Users\vadan\AppData\Local\Programs\MiKTeX\tex/latex/tools\array.sty
Package: array 2025/06/08 v2.6j Tabular extension package (FMi)
\col@sep=\dimen164
\ar@mcellbox=\box55
\extrarowheight=\dimen165
\NC@list=\toks23
\extratabsurround=\skip55
\backup@length=\skip56
\ar@cellbox=\box56
)) (C:\Users\vadan\AppData\Local\Programs\MiKTeX\tex/latex/tools\bm.sty
Package: bm 2023/12/19 v1.2f Bold Symbol Support (DPC/FMi)
\symboldoperators=\mathgroup6
\symboldletters=\mathgroup7
\symboldsymbols=\mathgroup8
Package bm Info: No bold for \OMX/cmex/m/n, using \pmb.
Package bm Info: No bold for \U/msa/m/n, using \pmb.
Package bm Info: No bold for \U/msb/m/n, using \pmb.
LaTeX Font Info:    Redeclaring math alphabet \mathbf on input line 149.
) (C:\Users\vadan\AppData\Local\Programs\MiKTeX\tex/latex/appendix\appendix.sty
Package: appendix 2020/02/08 v1.2c extra appendix facilities
\c@@pps=\count307
\c@@ppsavesec=\count308
\c@@ppsaveapp=\count309
) (C:\Users\vadan\AppData\Local\Programs\MiKTeX\tex/latex/geometry\geometry.sty
Package: geometry 2020/01/02 v5.9 Page Geometry
 (C:\Users\vadan\AppData\Local\Programs\MiKTeX\tex/generic/iftex\ifvtex.sty
Package: ifvtex 2019/10/25 v1.7 ifvtex legacy package. Use iftex instead.
)
\Gm@cnth=\count310
\Gm@cntv=\count311
\c@Gm@tempcnt=\count312
\Gm@bindingoffset=\dimen166
\Gm@wd@mp=\dimen167
\Gm@odd@mp=\dimen168
\Gm@even@mp=\dimen169
\Gm@layoutwidth=\dimen170
\Gm@layoutheight=\dimen171
\Gm@layouthoffset=\dimen172
\Gm@layoutvoffset=\dimen173
\Gm@dimlist=\toks24
 (C:\Users\vadan\AppData\Local\Programs\MiKTeX\tex/latex/geometry\geometry.cfg)) (C:\Users\vadan\AppData\Local\Programs\MiKTeX\tex/latex/titlesec\titlesec.sty
Package: titlesec 2025/01/04 v2.17 Sectioning titles
\ttl@box=\box57
\beforetitleunit=\skip57
\aftertitleunit=\skip58
\ttl@plus=\dimen174
\ttl@minus=\dimen175
\ttl@toksa=\toks25
\titlewidth=\dimen176
\titlewidthlast=\dimen177
\titlewidthfirst=\dimen178
) (C:\Users\vadan\AppData\Local\Programs\MiKTeX\tex/latex/caption\caption.sty
Package: caption 2023/08/05 v3.6o Customizing captions (AR)
 (C:\Users\vadan\AppData\Local\Programs\MiKTeX\tex/latex/caption\caption3.sty
Package: caption3 2023/07/31 v2.4d caption3 kernel (AR)
\caption@tempdima=\dimen179
\captionmargin=\dimen180
\caption@leftmargin=\dimen181
\caption@rightmargin=\dimen182
\caption@width=\dimen183
\caption@indent=\dimen184
\caption@parindent=\dimen185
\caption@hangindent=\dimen186
Package caption Info: Standard document class detected.
)
\c@caption@flags=\count313
\c@continuedfloat=\count314
Package caption Info: hyperref package is loaded.
) (C:\Users\vadan\AppData\Local\Programs\MiKTeX\tex/latex/caption\subcaption.sty
Package: subcaption 2023/07/28 v1.6b Sub-captions (AR)
Package caption Info: New subtype `subfigure' on input line 238.
\c@subfigure=\count315
Package caption Info: New subtype `subtable' on input line 238.
\c@subtable=\count316
) (C:\Users\vadan\AppData\Local\Programs\MiKTeX\tex/latex/was\upgreek.sty
Package: upgreek 2003/02/12 v2.0 (WaS)
Package upgreek Info: Using Euler Roman for upright Greek on input line 31.
\symugrf@m=\mathgroup9
LaTeX Font Info:    Overwriting symbol font `ugrf@m' in version `bold'
(Font)                  U/eur/m/n --> U/eur/b/n on input line 38.
) (C:\Users\vadan\AppData\Local\Programs\MiKTeX\tex/latex/mhchem\mhchem.sty
Package: mhchem 2024/01/29 v4.10 for typesetting chemical formulae
 (C:\Users\vadan\AppData\Local\Programs\MiKTeX\tex/latex/l3kernel\expl3.sty
Package: expl3 2025-09-02 L3 programming layer (loader) 
 (C:\Users\vadan\AppData\Local\Programs\MiKTeX\tex/latex/l3backend\l3backend-pdftex.def
File: l3backend-pdftex.def 2025-06-09 L3 backend support: PDF output (pdfTeX)
\l__color_backend_stack_int=\count317
)) (C:\Users\vadan\AppData\Local\Programs\MiKTeX\tex/latex/l3packages/l3keys2e\l3keys2e.sty
Package: l3keys2e 2024-08-16 LaTeX2e option processing using LaTeX3 keys
) (C:\Users\vadan\AppData\Local\Programs\MiKTeX\tex/latex/tools\calc.sty
Package: calc 2025/03/01 v4.3b Infix arithmetic (KKT,FJ)
\calc@Acount=\count318
\calc@Bcount=\count319
\calc@Adimen=\dimen187
\calc@Bdimen=\dimen188
\calc@Askip=\skip59
\calc@Bskip=\skip60
LaTeX Info: Redefining \setlength on input line 86.
LaTeX Info: Redefining \addtolength on input line 87.
\calc@Ccount=\count320
\calc@Cskip=\skip61
) (C:\Users\vadan\AppData\Local\Programs\MiKTeX\tex/latex/chemgreek\chemgreek.sty (C:\Users\vadan\AppData\Local\Programs\MiKTeX\tex/latex/l3packages/xparse\xparse.sty
Package: xparse 2024-08-16 L3 Experimental document command parser
)
Package: chemgreek 2020/01/16 v1.1a interface for upright Greek letters for use in chemistry (CN)
\l__chemgreek_tmpa_int=\count321
\g__chemgreek_tmpa_int=\count322
)
\l__mhchem_ce_distanceFromLastComma_int=\count323
\__mhchem_arrow_extPgfLength_skip=\skip62
\mhchem@minispace@tmp=\skip63
\mhchem@minibackspace@tmp=\skip64
\mhchem@bondwidth=\skip65
\mhchem@bondheight=\skip66
\mhchem@smallbondwidth@tmpA=\skip67
\mhchem@smallbondwidth@tmpB=\skip68
\mhchem@smallbondwidth=\skip69
\mhchem@bondtmp@minussidebearingleft=\skip70
\mhchem@bondtmp@minussidebearingright=\skip71
\l__mhchem_option_version_int=\count324
\mhchem@option@minusmathsidebearingleft=\dimen189
\mhchem@option@minusmathsidebearingright=\dimen190
\mhchem@option@minustextsidebearingleft=\dimen191
\mhchem@option@minustextsidebearingright=\dimen192


Package mhchem Warning: You did not specify a 'version' option for the mhchem
(mhchem)                package. Please write \usepackage[version=4]{mhchem}
(mhchem)                in your preamble (or any lower number for
(mhchem)                compatibility mode), because you might get slightly
(mhchem)                different output with the same input in future versions.

) (C:\Users\vadan\AppData\Local\Programs\MiKTeX\tex/latex/booktabs\booktabs.sty
Package: booktabs 2020/01/12 v1.61803398 Publication quality tables
\heavyrulewidth=\dimen193
\lightrulewidth=\dimen194
\cmidrulewidth=\dimen195
\belowrulesep=\dimen196
\belowbottomsep=\dimen197
\aboverulesep=\dimen198
\abovetopsep=\dimen199
\cmidrulesep=\dimen256
\cmidrulekern=\dimen257
\defaultaddspace=\dimen258
\@cmidla=\count325
\@cmidlb=\count326
\@aboverulesep=\dimen259
\@belowrulesep=\dimen260
\@thisruleclass=\count327
\@lastruleclass=\count328
\@thisrulewidth=\dimen261
) (C:\Users\vadan\AppData\Local\Programs\MiKTeX\tex/latex/base\textcomp.sty
Package: textcomp 2024/04/24 v2.1b Standard LaTeX package
) (C:\Users\vadan\AppData\Local\Programs\MiKTeX\tex/latex/enumitem\enumitem.sty
Package: enumitem 2025/02/06 v3.11 Customized lists
\labelindent=\skip72
\enit@outerparindent=\dimen262
\enit@toks=\toks26
\enit@inbox=\box58
\enit@count@id=\count329
\enitdp@description=\count330
) (C:\Users\vadan\AppData\Local\Programs\MiKTeX\tex/latex/csquotes\csquotes.sty
Package: csquotes 2024-04-04 v5.2o context-sensitive quotations (JAW)
\csq@reset=\count331
\csq@gtype=\count332
\csq@glevel=\count333
\csq@qlevel=\count334
\csq@maxlvl=\count335
\csq@tshold=\count336
\csq@ltx@everypar=\toks27
 (C:\Users\vadan\AppData\Local\Programs\MiKTeX\tex/latex/csquotes\csquotes.def
File: csquotes.def 2024-04-04 v5.2o csquotes generic definitions (JAW)
)
Package csquotes Info: Trying to load configuration file 'csquotes.cfg'...
Package csquotes Info: ... configuration file loaded successfully.
 (C:\Users\vadan\AppData\Local\Programs\MiKTeX\tex/latex/csquotes\csquotes.cfg
File: csquotes.cfg 
)
Package csquotes Info: Disabling multilingual quotes.
Package csquotes Info: Redefining alias 'default' -> 'british'.
) (C:\Users\vadan\AppData\Local\Programs\MiKTeX\tex/latex/biblatex\biblatex.sty
Package: biblatex 2025/07/10 v3.21 programmable bibliographies (PK/MW)
 (C:\Users\vadan\AppData\Local\Programs\MiKTeX\tex/latex/logreq\logreq.sty
Package: logreq 2010/08/04 v1.0 xml request logger
\lrq@indent=\count337
 (C:\Users\vadan\AppData\Local\Programs\MiKTeX\tex/latex/logreq\logreq.def
File: logreq.def 2010/08/04 v1.0 logreq spec v1.0
)) (C:\Users\vadan\AppData\Local\Programs\MiKTeX\tex/latex/base\ifthen.sty
Package: ifthen 2024/03/16 v1.1e Standard LaTeX ifthen package (DPC)
)
\c@tabx@nest=\count338
\c@listtotal=\count339
\c@listcount=\count340
\c@liststart=\count341
\c@liststop=\count342
\c@citecount=\count343
\c@citetotal=\count344
\c@multicitecount=\count345
\c@multicitetotal=\count346
\c@instcount=\count347
\c@maxnames=\count348
\c@minnames=\count349
\c@maxitems=\count350
\c@minitems=\count351
\c@citecounter=\count352
\c@maxcitecounter=\count353
\c@savedcitecounter=\count354
\c@uniquelist=\count355
\c@uniquename=\count356
\c@refsection=\count357
\c@refsegment=\count358
\c@maxextratitle=\count359
\c@maxextratitleyear=\count360
\c@maxextraname=\count361
\c@maxextradate=\count362
\c@maxextraalpha=\count363
\c@abbrvpenalty=\count364
\c@highnamepenalty=\count365
\c@lownamepenalty=\count366
\c@maxparens=\count367
\c@parenlevel=\count368
\blx@tempcnta=\count369
\blx@tempcntb=\count370
\blx@tempcntc=\count371
\c@blx@maxsection=\count372
\blx@maxsegment@0=\count373
\blx@notetype=\count374
\blx@parenlevel@text=\count375
\blx@parenlevel@foot=\count376
\blx@sectionciteorder@0=\count377
\blx@sectionciteorderinternal@0=\count378
\blx@entrysetcounter=\count379
\blx@biblioinstance=\count380
\labelnumberwidth=\skip73
\labelalphawidth=\skip74
\biblabelsep=\skip75
\bibitemsep=\skip76
\bibnamesep=\skip77
\bibinitsep=\skip78
\bibparsep=\skip79
\bibhang=\skip80
\blx@bcfin=\read2
\blx@bcfout=\write3
\blx@langwohyphens=\language79
\c@mincomprange=\count381
\c@maxcomprange=\count382
\c@mincompwidth=\count383
Package biblatex Info: Trying to load biblatex default data model...
Package biblatex Info: ... file 'blx-dm.def' found.
 (C:\Users\vadan\AppData\Local\Programs\MiKTeX\tex/latex/biblatex\blx-dm.def
File: blx-dm.def 2025/07/10 v3.21 biblatex datamodel (PK/MW)
)
Package biblatex Info: Trying to load biblatex style data model...
Package biblatex Info: ... file 'authoryear.dbx' not found.
Package biblatex Info: Trying to load biblatex custom data model...
Package biblatex Info: ... file 'biblatex-dm.cfg' not found.
\c@afterword=\count384
\c@savedafterword=\count385
\c@annotator=\count386
\c@savedannotator=\count387
\c@author=\count388
\c@savedauthor=\count389
\c@bookauthor=\count390
\c@savedbookauthor=\count391
\c@commentator=\count392
\c@savedcommentator=\count393
\c@editor=\count394
\c@savededitor=\count395
\c@editora=\count396
\c@savededitora=\count397
\c@editorb=\count398
\c@savededitorb=\count399
\c@editorc=\count400
\c@savededitorc=\count401
\c@foreword=\count402
\c@savedforeword=\count403
\c@holder=\count404
\c@savedholder=\count405
\c@introduction=\count406
\c@savedintroduction=\count407
\c@namea=\count408
\c@savednamea=\count409
\c@nameb=\count410
\c@savednameb=\count411
\c@namec=\count412
\c@savednamec=\count413
\c@translator=\count414
\c@savedtranslator=\count415
\c@shortauthor=\count416
\c@savedshortauthor=\count417
\c@shorteditor=\count418
\c@savedshorteditor=\count419
\c@labelname=\count420
\c@savedlabelname=\count421
\c@institution=\count422
\c@savedinstitution=\count423
\c@lista=\count424
\c@savedlista=\count425
\c@listb=\count426
\c@savedlistb=\count427
\c@listc=\count428
\c@savedlistc=\count429
\c@listd=\count430
\c@savedlistd=\count431
\c@liste=\count432
\c@savedliste=\count433
\c@listf=\count434
\c@savedlistf=\count435
\c@location=\count436
\c@savedlocation=\count437
\c@organization=\count438
\c@savedorganization=\count439
\c@origlocation=\count440
\c@savedoriglocation=\count441
\c@origpublisher=\count442
\c@savedorigpublisher=\count443
\c@publisher=\count444
\c@savedpublisher=\count445
\c@language=\count446
\c@savedlanguage=\count447
\c@origlanguage=\count448
\c@savedoriglanguage=\count449
\c@pageref=\count450
\c@savedpageref=\count451
\shorthandwidth=\skip81
\shortjournalwidth=\skip82
\shortserieswidth=\skip83
\shorttitlewidth=\skip84
\shortauthorwidth=\skip85
\shorteditorwidth=\skip86
\locallabelnumberwidth=\skip87
\locallabelalphawidth=\skip88
\localshorthandwidth=\skip89
\localshortjournalwidth=\skip90
\localshortserieswidth=\skip91
\localshorttitlewidth=\skip92
\localshortauthorwidth=\skip93
\localshorteditorwidth=\skip94
Package biblatex Info: Trying to load compatibility code...
Package biblatex Info: ... file 'blx-compat.def' found.
 (C:\Users\vadan\AppData\Local\Programs\MiKTeX\tex/latex/biblatex\blx-compat.def
File: blx-compat.def 2025/07/10 v3.21 biblatex compatibility (PK/MW)
)
Package biblatex Info: Trying to load generic definitions...
Package biblatex Info: ... file 'biblatex.def' found.
 (C:\Users\vadan\AppData\Local\Programs\MiKTeX\tex/latex/biblatex\biblatex.def
File: biblatex.def 2025/07/10 v3.21 biblatex compatibility (PK/MW)
\c@textcitecount=\count452
\c@textcitetotal=\count453
\c@textcitemaxnames=\count454
\c@biburlbigbreakpenalty=\count455
\c@biburlbreakpenalty=\count456
\c@biburlnumpenalty=\count457
\c@biburlucpenalty=\count458
\c@biburllcpenalty=\count459
\biburlbigskip=\muskip19
\biburlnumskip=\muskip20
\biburlucskip=\muskip21
\biburllcskip=\muskip22
\c@smartand=\count460
)
Package biblatex Info: Trying to load natbib compatibility...
Package biblatex Info: ... file 'blx-natbib.def' found.
 (C:\Users\vadan\AppData\Local\Programs\MiKTeX\tex/latex/biblatex\blx-natbib.def
File: blx-natbib.def 2025/07/10 v3.21 biblatex compatibility (PK/MW)
Package biblatex Info: Delimiter 'nameyeardelim' in context '' already defined, overwriting.
)
Package biblatex Info: Trying to load bibliography style 'authoryear'...
Package biblatex Info: ... file 'authoryear.bbx' found.
 (C:\Users\vadan\AppData\Local\Programs\MiKTeX\tex/latex/biblatex/bbx\authoryear.bbx
File: authoryear.bbx 2025/07/10 v3.21 biblatex bibliography style (PK/MW)
Package biblatex Info: Trying to load bibliography style 'standard'...
Package biblatex Info: ... file 'standard.bbx' found.
 (C:\Users\vadan\AppData\Local\Programs\MiKTeX\tex/latex/biblatex/bbx\standard.bbx
File: standard.bbx 2025/07/10 v3.21 biblatex bibliography style (PK/MW)
\c@bbx:relatedcount=\count461
\c@bbx:relatedtotal=\count462
))
Package biblatex Info: Trying to load citation style 'authoryear'...
Package biblatex Info: ... file 'authoryear.cbx' found.
 (C:\Users\vadan\AppData\Local\Programs\MiKTeX\tex/latex/biblatex/cbx\authoryear.cbx
File: authoryear.cbx 2025/07/10 v3.21 biblatex citation style (PK/MW)
Package biblatex Info: Redefining '\cite'.
Package biblatex Info: Redefining '\parencite'.
Package biblatex Info: Redefining '\footcite'.
Package biblatex Info: Redefining '\footcitetext'.
Package biblatex Info: Redefining '\smartcite'.
Package biblatex Info: Redefining '\textcite'.
Package biblatex Info: Redefining '\textcites'.
)
Package biblatex Info: Trying to load configuration file...
Package biblatex Info: ... file 'biblatex.cfg' found.
 (C:\Users\vadan\AppData\Local\Programs\MiKTeX\tex/latex/biblatex\biblatex.cfg
File: biblatex.cfg 
)
Package biblatex Info: Input encoding 'utf8' detected.
Package biblatex Info: Document encoding is UTF8 ....
Package biblatex Info: ... and expl3
(biblatex)             2025-09-02 L3 programming layer (loader) 
(biblatex)             is new enough (at least 2020/04/06),
(biblatex)             setting 'casechanger=expl3'.
 (C:\Users\vadan\AppData\Local\Programs\MiKTeX\tex/latex/biblatex\blx-case-expl3.sty
Package: blx-case-expl3 2025/07/10 v3.21 expl3 case changing code for biblatex
))

Package biblatex Warning: Conflicting options.
(biblatex)                '<namepart>inits' conflicts with 'uniquename=full'.
(biblatex)                Setting 'uniquename=init' on input line 160.

(thesis2.aux)
\openout1 = `thesis2.aux'.

LaTeX Font Info:    Checking defaults for OML/cmm/m/it on input line 160.
LaTeX Font Info:    ... okay on input line 160.
LaTeX Font Info:    Checking defaults for OMS/cmsy/m/n on input line 160.
LaTeX Font Info:    ... okay on input line 160.
LaTeX Font Info:    Checking defaults for OT1/cmr/m/n on input line 160.
LaTeX Font Info:    ... okay on input line 160.
LaTeX Font Info:    Checking defaults for T1/cmr/m/n on input line 160.
LaTeX Font Info:    ... okay on input line 160.
LaTeX Font Info:    Checking defaults for TS1/cmr/m/n on input line 160.
LaTeX Font Info:    ... okay on input line 160.
LaTeX Font Info:    Checking defaults for OMX/cmex/m/n on input line 160.
LaTeX Font Info:    ... okay on input line 160.
LaTeX Font Info:    Checking defaults for U/cmr/m/n on input line 160.
LaTeX Font Info:    ... okay on input line 160.
LaTeX Font Info:    Checking defaults for PD1/pdf/m/n on input line 160.
LaTeX Font Info:    ... okay on input line 160.
LaTeX Font Info:    Checking defaults for PU/pdf/m/n on input line 160.
LaTeX Font Info:    ... okay on input line 160.
Package hyperref Info: Link coloring OFF on input line 160.
 (thesis2.out) (thesis2.out)
\@outlinefile=\write4
\openout4 = `thesis2.out'.

 (C:\Users\vadan\AppData\Local\Programs\MiKTeX\tex/context/base/mkii\supp-pdf.mkii
[Loading MPS to PDF converter (version 2006.09.02).]
\scratchcounter=\count463
\scratchdimen=\dimen263
\scratchbox=\box59
\nofMPsegments=\count464
\nofMParguments=\count465
\everyMPshowfont=\toks28
\MPscratchCnt=\count466
\MPscratchDim=\dimen264
\MPnumerator=\count467
\makeMPintoPDFobject=\count468
\everyMPtoPDFconversion=\toks29
) (C:\Users\vadan\AppData\Local\Programs\MiKTeX\tex/latex/epstopdf-pkg\epstopdf-base.sty
Package: epstopdf-base 2020-01-24 v2.11 Base part for package epstopdf
Package epstopdf-base Info: Redefining graphics rule for `.eps' on input line 485.
 (C:\Users\vadan\AppData\Local\Programs\MiKTeX\tex/latex/00miktex\epstopdf-sys.cfg
File: epstopdf-sys.cfg 2021/03/18 v2.0 Configuration of epstopdf for MiKTeX
))
*geometry* driver: auto-detecting
*geometry* detected driver: pdftex
*geometry* verbose mode - [ preamble ] result:
* driver: pdftex
* paper: a4paper
* layout: <same size as paper>
* layoutoffset:(h,v)=(0.0pt,0.0pt)
* modes: 
* h-part:(L,W,R)=(56.9055pt, 483.69687pt, 56.9055pt)
* v-part:(T,H,B)=(56.9055pt, 731.23584pt, 56.9055pt)
* \paperwidth=597.50787pt
* \paperheight=845.04684pt
* \textwidth=483.69687pt
* \textheight=731.23584pt
* \oddsidemargin=-15.36449pt
* \evensidemargin=-15.36449pt
* \topmargin=-52.36449pt
* \headheight=12.0pt
* \headsep=25.0pt
* \topskip=11.0pt
* \footskip=30.0pt
* \marginparwidth=59.0pt
* \marginparsep=10.0pt
* \columnsep=10.0pt
* \skip\footins=10.0pt plus 4.0pt minus 2.0pt
* \hoffset=0.0pt
* \voffset=0.0pt
* \mag=1000
* \@twocolumnfalse
* \@twosidefalse
* \@mparswitchfalse
* \@reversemarginfalse
* (1in=72.27pt=25.4mm, 1cm=28.453pt)

Package caption Info: Begin \AtBeginDocument code.
Package caption Info: End \AtBeginDocument code.

Package chemgreek Info: Activating mapping `upgreek' on line 160.

Package biblatex Info: Trying to load language 'english'...
Package biblatex Info: ... file 'english.lbx' found.
(C:\Users\vadan\AppData\Local\Programs\MiKTeX\tex/latex/biblatex/lbx\english.lbx
File: english.lbx 2025/07/10 v3.21 biblatex localization (PK/MW)
)
Package biblatex Info: Input encoding 'utf8' detected.
Package biblatex Info: Automatic encoding selection.
(biblatex)             Assuming data encoding 'utf8'.
\openout3 = `thesis2.bcf'.

Package biblatex Info: Trying to load bibliographic data...
Package biblatex Info: ... file 'thesis2.bbl' found.
 (thesis2.bbl)
Package biblatex Info: Reference section=0 on input line 160.
Package biblatex Info: Reference segment=0 on input line 160.
LaTeX Font Info:    Trying to load font information for U+msa on input line 196.
 (C:\Users\vadan\AppData\Local\Programs\MiKTeX\tex/latex/amsfonts\umsa.fd
File: umsa.fd 2013/01/14 v3.01 AMS symbols A
)
LaTeX Font Info:    Trying to load font information for U+msb on input line 196.
 (C:\Users\vadan\AppData\Local\Programs\MiKTeX\tex/latex/amsfonts\umsb.fd
File: umsb.fd 2013/01/14 v3.01 AMS symbols B
)

[1

{C:/Users/vadan/AppData/Local/MiKTeX/fonts/map/pdftex/pdftex.map}] (thesis2.toc)
\tf@toc=\write5
\openout5 = `thesis2.toc'.




pdfTeX warning (ext4): destination with the same identifier (name{page.1}) has been already used, duplicate ignored
<to be read again> 
                   \relax 
l.231 \clearpage
                        % Forces a page break after the ToC ends [1

]


pdfTeX warning (ext4): destination with the same identifier (name{page.1}) has been already used, duplicate ignored
<to be read again> 
                   \relax 
l.318  \begin{equation}
                        [1

]

[2]

[3]

LaTeX Warning: Reference `app:acquisition_function' on page 4 undefined on input line 460.



[4]
<figures/reactor_diagram.png, id=342, 2090.56032pt x 1126.2075pt>
File: figures/reactor_diagram.png Graphic file (type png)
<use figures/reactor_diagram.png>
Package pdftex.def Info: figures/reactor_diagram.png  used on input line 574.
(pdftex.def)             Requested size: 435.32422pt x 234.49997pt.


[5]

[6 <./figures/reactor_diagram.png>]
<figures/forward_layers_3.png, id=381, 380.17032pt x 752.8125pt>
File: figures/forward_layers_3.png Graphic file (type png)
<use figures/forward_layers_3.png>
Package pdftex.def Info: figures/forward_layers_3.png  used on input line 646.
(pdftex.def)             Requested size: 72.55157pt x 143.66763pt.
<figures/base_layers.png, id=382, 386.19281pt x 752.8125pt>
File: figures/base_layers.png Graphic file (type png)
<use figures/base_layers.png>
Package pdftex.def Info: figures/base_layers.png  used on input line 654.
(pdftex.def)             Requested size: 74.97241pt x 146.13734pt.
<figures/rear_layers_3.png, id=383, 380.17032pt x 752.8125pt>
File: figures/rear_layers_3.png Graphic file (type png)
<use figures/rear_layers_3.png>
Package pdftex.def Info: figures/rear_layers_3.png  used on input line 662.
(pdftex.def)             Requested size: 72.55157pt x 143.66763pt.
<figures/Aquisitionfunction_UCB_doublepeak_highbeta_prepped.png, id=391, 619.56468pt x 517.935pt>
File: figures/Aquisitionfunction_UCB_doublepeak_highbeta_prepped.png Graphic file (type png)
<use figures/Aquisitionfunction_UCB_doublepeak_highbeta_prepped.png>
Package pdftex.def Info: figures/Aquisitionfunction_UCB_doublepeak_highbeta_prepped.png  used on input line 722.
(pdftex.def)             Requested size: 232.17242pt x 194.08289pt.
<figures/Aquisitionfunction_UCB_doublepeak_lowbeta_prepped.png, id=392, 626.34pt x 519.44063pt>
File: figures/Aquisitionfunction_UCB_doublepeak_lowbeta_prepped.png Graphic file (type png)
<use figures/Aquisitionfunction_UCB_doublepeak_lowbeta_prepped.png>
Package pdftex.def Info: figures/Aquisitionfunction_UCB_doublepeak_lowbeta_prepped.png  used on input line 730.
(pdftex.def)             Requested size: 232.17242pt x 192.54669pt.


[7 <./figures/forward_layers_3.png> <./figures/base_layers.png> <./figures/rear_layers_3.png>]

[8 <./figures/Aquisitionfunction_UCB_doublepeak_highbeta_prepped.png> <./figures/Aquisitionfunction_UCB_doublepeak_lowbeta_prepped.png>]
<figures/combined_MLtesting_1D_schwefel.png, id=425, 1915.155pt x 1698.345pt>
File: figures/combined_MLtesting_1D_schwefel.png Graphic file (type png)
<use figures/combined_MLtesting_1D_schwefel.png>
Package pdftex.def Info: figures/combined_MLtesting_1D_schwefel.png  used on input line 806.
(pdftex.def)             Requested size: 237.01411pt x 210.1676pt.
<figures/combined_MLtesting_2D_gramacylee_comp.png, id=426, 752.8125pt x 917.67844pt>
File: figures/combined_MLtesting_2D_gramacylee_comp.png Graphic file (type png)
<use figures/combined_MLtesting_2D_gramacylee_comp.png>
Package pdftex.def Info: figures/combined_MLtesting_2D_gramacylee_comp.png  used on input line 813.
(pdftex.def)             Requested size: 237.01411pt x 288.9162pt.
<figures/combined_MLtesting_2D_Hiddenpeak_comp.png, id=427, 752.8125pt x 907.13907pt>
File: figures/combined_MLtesting_2D_Hiddenpeak_comp.png Graphic file (type png)
<use figures/combined_MLtesting_2D_Hiddenpeak_comp.png>
Package pdftex.def Info: figures/combined_MLtesting_2D_Hiddenpeak_comp.png  used on input line 823.
(pdftex.def)             Requested size: 237.01411pt x 285.59805pt.
<figures/combined_MLtesting_2D_schwefel_comp.png, id=428, 752.8125pt x 916.1728pt>
File: figures/combined_MLtesting_2D_schwefel_comp.png Graphic file (type png)
<use figures/combined_MLtesting_2D_schwefel_comp.png>
Package pdftex.def Info: figures/combined_MLtesting_2D_schwefel_comp.png  used on input line 830.
(pdftex.def)             Requested size: 237.01411pt x 288.44218pt.


LaTeX Warning: Float too large for page by 19.58292pt on input line 846.



[9]

[10 <./figures/combined_MLtesting_1D_schwefel.png> <./figures/combined_MLtesting_2D_gramacylee_comp.png> <./figures/combined_MLtesting_2D_Hiddenpeak_comp.png> <./figures/combined_MLtesting_2D_schwefel_comp.png>]
<figures/B1 Comparison Graph.png, id=447, 1606.0pt x 1204.5pt>
File: figures/B1 Comparison Graph.png Graphic file (type png)
<use figures/B1 Comparison Graph.png>
Package pdftex.def Info: figures/B1 Comparison Graph.png  used on input line 910.
(pdftex.def)             Requested size: 237.01411pt x 177.74492pt.
<figures/B1_Thicknesss_TBR.png, id=448, 462.528pt x 346.896pt>
File: figures/B1_Thicknesss_TBR.png Graphic file (type png)
<use figures/B1_Thicknesss_TBR.png>
Package pdftex.def Info: figures/B1_Thicknesss_TBR.png  used on input line 918.
(pdftex.def)             Requested size: 237.01411pt x 177.76152pt.
<figures/B1_Zeta_TBR.png, id=452, 462.528pt x 346.896pt>
File: figures/B1_Zeta_TBR.png Graphic file (type png)
<use figures/B1_Zeta_TBR.png>
Package pdftex.def Info: figures/B1_Zeta_TBR.png  used on input line 943.
(pdftex.def)             Requested size: 237.01411pt x 177.76152pt.
<figures/B1_TBR_HM.png, id=453, 1505.625pt x 1254.6875pt>
File: figures/B1_TBR_HM.png Graphic file (type png)
<use figures/B1_TBR_HM.png>
Package pdftex.def Info: figures/B1_TBR_HM.png  used on input line 949.
(pdftex.def)             Requested size: 237.01411pt x 197.49945pt.
<figures/B1_Zeta_Flux.png, id=456, 462.528pt x 346.896pt>
File: figures/B1_Zeta_Flux.png Graphic file (type png)
<use figures/B1_Zeta_Flux.png>
Package pdftex.def Info: figures/B1_Zeta_Flux.png  used on input line 970.
(pdftex.def)             Requested size: 237.01411pt x 177.76152pt.
<figures/B1_Fluence_HM.png, id=457, 1505.625pt x 1254.6875pt>
File: figures/B1_Fluence_HM.png Graphic file (type png)
<use figures/B1_Fluence_HM.png>
Package pdftex.def Info: figures/B1_Fluence_HM.png  used on input line 976.
(pdftex.def)             Requested size: 237.01411pt x 197.49945pt.
<figures/B1_Zeta_Mult.png, id=460, 462.528pt x 346.896pt>
File: figures/B1_Zeta_Mult.png Graphic file (type png)
<use figures/B1_Zeta_Mult.png>
Package pdftex.def Info: figures/B1_Zeta_Mult.png  used on input line 995.
(pdftex.def)             Requested size: 237.01411pt x 177.76152pt.
<figures/B1_Mult_HM.png, id=461, 1505.625pt x 1254.6875pt>
File: figures/B1_Mult_HM.png Graphic file (type png)
<use figures/B1_Mult_HM.png>
Package pdftex.def Info: figures/B1_Mult_HM.png  used on input line 1001.
(pdftex.def)             Requested size: 237.01411pt x 197.49945pt.
<figures/B1_Scatter_HM.png, id=464, 1505.625pt x 1254.6875pt>
File: figures/B1_Scatter_HM.png Graphic file (type png)
<use figures/B1_Scatter_HM.png>
Package pdftex.def Info: figures/B1_Scatter_HM.png  used on input line 1022.
(pdftex.def)             Requested size: 237.01411pt x 197.49945pt.
<figures/B1_Absorb_HM.png, id=465, 1505.625pt x 1254.6875pt>
File: figures/B1_Absorb_HM.png Graphic file (type png)
<use figures/B1_Absorb_HM.png>
Package pdftex.def Info: figures/B1_Absorb_HM.png  used on input line 1028.
(pdftex.def)             Requested size: 237.01411pt x 197.49945pt.


[11 <./figures/B1 Comparison Graph.png> <./figures/B1_Thicknesss_TBR.png>]
<figures/B1_Zeta_DPA.png, id=483, 1606.0pt x 1204.5pt>
File: figures/B1_Zeta_DPA.png Graphic file (type png)
<use figures/B1_Zeta_DPA.png>
Package pdftex.def Info: figures/B1_Zeta_DPA.png  used on input line 1057.
(pdftex.def)             Requested size: 237.01411pt x 177.74492pt.
<figures/B1_Damage_HM.png, id=484, 1505.625pt x 1254.6875pt>
File: figures/B1_Damage_HM.png Graphic file (type png)
<use figures/B1_Damage_HM.png>
Package pdftex.def Info: figures/B1_Damage_HM.png  used on input line 1063.
(pdftex.def)             Requested size: 237.01411pt x 197.49945pt.
<figures/breeder_blanket_2d_themed.png, id=486, 857.8449pt x 424.65852pt>
File: figures/breeder_blanket_2d_themed.png Graphic file (type png)
<use figures/breeder_blanket_2d_themed.png>
Package pdftex.def Info: figures/breeder_blanket_2d_themed.png  used on input line 1081.
(pdftex.def)             Requested size: 483.69687pt x 239.44652pt.
<figures/MLresult_8D_B1B2_prepped.png, id=490, 901.11656pt x 620.3175pt>
File: figures/MLresult_8D_B1B2_prepped.png Graphic file (type png)
<use figures/MLresult_8D_B1B2_prepped.png>
Package pdftex.def Info: figures/MLresult_8D_B1B2_prepped.png  used on input line 1119.
(pdftex.def)             Requested size: 237.01411pt x 163.15286pt.
<figures/MLresult_8D_B1B4_prepped.png, id=491, 911.65594pt x 609.77812pt>
File: figures/MLresult_8D_B1B4_prepped.png Graphic file (type png)
<use figures/MLresult_8D_B1B4_prepped.png>
Package pdftex.def Info: figures/MLresult_8D_B1B4_prepped.png  used on input line 1126.
(pdftex.def)             Requested size: 237.01411pt x 158.52927pt.
<figures/MLresult_8D_B1C1_prepped.png, id=492, 898.85812pt x 608.2725pt>
File: figures/MLresult_8D_B1C1_prepped.png Graphic file (type png)
<use figures/MLresult_8D_B1C1_prepped.png>
Package pdftex.def Info: figures/MLresult_8D_B1C1_prepped.png  used on input line 1136.
(pdftex.def)             Requested size: 237.01411pt x 160.39323pt.
<figures/MLresult_8D_B1C4_prepped.png, id=493, 878.53218pt x 602.25pt>
File: figures/MLresult_8D_B1C4_prepped.png Graphic file (type png)
<use figures/MLresult_8D_B1C4_prepped.png>
Package pdftex.def Info: figures/MLresult_8D_B1C4_prepped.png  used on input line 1143.
(pdftex.def)             Requested size: 237.01411pt x 162.47182pt.


[12 <./figures/B1_Zeta_TBR.png> <./figures/B1_TBR_HM.png>]

[13 <./figures/B1_Zeta_Flux.png> <./figures/B1_Fluence_HM.png>]

[14 <./figures/B1_Zeta_Mult.png> <./figures/B1_Mult_HM.png>]

[15 <./figures/B1_Scatter_HM.png> <./figures/B1_Absorb_HM.png>]

[16 <./figures/B1_Zeta_DPA.png> <./figures/B1_Damage_HM.png>]

[17 <./figures/breeder_blanket_2d_themed.png>]

[18 <./figures/MLresult_8D_B1B2_prepped.png> <./figures/MLresult_8D_B1B4_prepped.png> <./figures/MLresult_8D_B1C1_prepped.png> <./figures/MLresult_8D_B1C4_prepped.png>]

[19]

[20]

[1]
<figures/B1_Zeta_Scatter.png, id=675, 462.528pt x 346.896pt>
File: figures/B1_Zeta_Scatter.png Graphic file (type png)
<use figures/B1_Zeta_Scatter.png>
Package pdftex.def Info: figures/B1_Zeta_Scatter.png  used on input line 1465.
(pdftex.def)             Requested size: 232.17242pt x 174.13039pt.
<figures/B1_Zeta_Absorb.png, id=676, 462.528pt x 346.896pt>
File: figures/B1_Zeta_Absorb.png Graphic file (type png)
<use figures/B1_Zeta_Absorb.png>
Package pdftex.def Info: figures/B1_Zeta_Absorb.png  used on input line 1471.
(pdftex.def)             Requested size: 232.17242pt x 174.13039pt.
<figures/B1_Zeta_Heating.png, id=677, 462.528pt x 346.896pt>
File: figures/B1_Zeta_Heating.png Graphic file (type png)
<use figures/B1_Zeta_Heating.png>
Package pdftex.def Info: figures/B1_Zeta_Heating.png  used on input line 1483.
(pdftex.def)             Requested size: 232.17242pt x 174.13039pt.
<figures/B1_Heat_HM.png, id=678, 1505.625pt x 1254.6875pt>
File: figures/B1_Heat_HM.png Graphic file (type png)
<use figures/B1_Heat_HM.png>
Package pdftex.def Info: figures/B1_Heat_HM.png  used on input line 1489.
(pdftex.def)             Requested size: 232.17242pt x 193.45987pt.
<figures/B1_Zeta_Damage.png, id=679, 462.528pt x 346.896pt>
File: figures/B1_Zeta_Damage.png Graphic file (type png)
<use figures/B1_Zeta_Damage.png>
Package pdftex.def Info: figures/B1_Zeta_Damage.png  used on input line 1500.
(pdftex.def)             Requested size: 232.17242pt x 174.13039pt.


[2 <./figures/B1_Zeta_Scatter.png> <./figures/B1_Zeta_Absorb.png>]

[3 <./figures/B1_Zeta_Heating.png> <./figures/B1_Heat_HM.png> <./figures/B1_Zeta_Damage.png>] (thesis2.aux)
 ***********
LaTeX2e <2025-06-01> patch level 1
L3 programming layer <2025-09-02>
 ***********


LaTeX Warning: There were undefined references.

Package rerunfilecheck Info: File `thesis2.out' has not changed.
(rerunfilecheck)             Checksum: 6271B2921934AD9B8CC7A8DB80992BC4;8400.

Package biblatex Warning: Please (re)run Biber on the file:
(biblatex)                thesis2
(biblatex)                and rerun LaTeX afterwards.

Package logreq Info: Writing requests to 'thesis2.run.xml'.
\openout1 = `thesis2.run.xml'.

 ) 
Here is how much of TeX's memory you used:
 22442 strings out of 468081
 406983 string characters out of 5425788
 1267566 words of memory out of 5000000
 50716 multiletter control sequences out of 15000+600000
 645041 words of font info for 102 fonts, out of 8000000 for 9000
 1141 hyphenation exceptions out of 8191
 75i,16n,100p,2655b,1580s stack positions out of 10000i,1000n,20000p,200000b,200000s
 <C:\Users\vadan\AppData\Local\MiKTeX\fonts/pk/ljfour/jknappen/ec/dpi600\tcrm1095.pk><C:/Users/vadan/AppData/Local/Programs/MiKTeX/fonts/type1/public/amsfonts/cm/cmbx10.pfb><C:/Users/vadan/AppData/Local/Programs/MiKTeX/fonts/type1/public/amsfonts/cm/cmbx12.pfb><C:/Users/vadan/AppData/Local/Programs/MiKTeX/fonts/type1/public/amsfonts/cm/cmbxti10.pfb><C:/Users/vadan/AppData/Local/Programs/MiKTeX/fonts/type1/public/amsfonts/cm/cmcsc10.pfb><C:/Users/vadan/AppData/Local/Programs/MiKTeX/fonts/type1/public/amsfonts/cm/cmex10.pfb><C:/Users/vadan/AppData/Local/Programs/MiKTeX/fonts/type1/public/amsfonts/cm/cmmi10.pfb><C:/Users/vadan/AppData/Local/Programs/MiKTeX/fonts/type1/public/amsfonts/cm/cmmi6.pfb><C:/Users/vadan/AppData/Local/Programs/MiKTeX/fonts/type1/public/amsfonts/cm/cmmi8.pfb><C:/Users/vadan/AppData/Local/Programs/MiKTeX/fonts/type1/public/amsfonts/cm/cmr10.pfb><C:/Users/vadan/AppData/Local/Programs/MiKTeX/fonts/type1/public/amsfonts/cm/cmr12.pfb><C:/Users/vadan/AppData/Local/Programs/MiKTeX/fonts/type1/public/amsfonts/cm/cmr7.pfb><C:/Users/vadan/AppData/Local/Programs/MiKTeX/fonts/type1/public/amsfonts/cm/cmr8.pfb><C:/Users/vadan/AppData/Local/Programs/MiKTeX/fonts/type1/public/amsfonts/cm/cmsy10.pfb><C:/Users/vadan/AppData/Local/Programs/MiKTeX/fonts/type1/public/amsfonts/cm/cmsy8.pfb><C:/Users/vadan/AppData/Local/Programs/MiKTeX/fonts/type1/public/amsfonts/cm/cmti10.pfb><C:/Users/vadan/AppData/Local/Programs/MiKTeX/fonts/type1/public/amsfonts/cm/cmtt10.pfb><C:/Users/vadan/AppData/Local/Programs/MiKTeX/fonts/type1/public/amsfonts/euler/eurm10.pfb>
Output written on thesis2.pdf (25 pages, 8662135 bytes).
PDF statistics:
 801 PDF objects out of 1000 (max. 8388607)
 143 named destinations out of 1000 (max. 500000)
 481 words of extra memory for PDF output out of 10000 (max. 10000000)

